W/System.err( 2374): 	at java.lang.Thread.run(Thread.java:1096)
W/WindowManager( 1290): No window to dispatch pointer action 1
W/WindowManager( 1290): No window to dispatch pointer action 0
D/KeyguardViewMediator( 1290): setHidden false
D/KeyguardViewMediator( 1290): setHidden false
W/System.err( 2374): java.io.IOException
W/System.err( 2374): 	at java.io.RandomAccessFile.openCheck(RandomAccessFile.java:267)
W/System.err( 2374): 	at java.io.RandomAccessFile.length(RandomAccessFile.java:279)
W/System.err( 2374): 	at info.kyorohiro.helloworld.io.VirtualMemory.length(VirtualMemory.java:77)
W/System.err( 2374): 	at info.kyorohiro.helloworld.io.BigLineData.isEOF(BigLineData.java:63)
W/System.err( 2374): 	at info.kyorohiro.helloworld.textviewer.viewer.LookAheadCaching$ReadForwardFileTask.run(LookAheadCaching.java:275)
W/System.err( 2374): 	at java.lang.Thread.run(Thread.java:1096)
W/WindowManager( 1290): No window to dispatch pointer action 1
W/System.err( 2374): java.io.IOException
W/System.err( 2374): 	at java.io.RandomAccessFile.openCheck(RandomAccessFile.java:267)
W/System.err( 2374): 	at java.io.RandomAccessFile.length(RandomAccessFile.java:279)
W/System.err( 2374): 	at info.kyorohiro.helloworld.io.VirtualMemory.length(VirtualMemory.java:77)
W/System.err( 2374): 	at info.kyorohiro.helloworld.io.BigLineData.isEOF(BigLineData.java:63)
W/System.err( 2374): 	at info.kyorohiro.helloworld.textviewer.viewer.LookAheadCaching$ReadForwardFileTask.run(LookAheadCaching.java:275)
W/System.err( 2374): 	at java.lang.Thread.run(Thread.java:1096)
W/System.err( 2374): java.io.IOException
W/System.err( 2374): 	at java.io.RandomAccessFile.openCheck(RandomAccessFile.java:267)
W/System.err( 2374): 	at java.io.RandomAccessFile.length(RandomAccessFile.java:279)
W/System.err( 2374): 	at info.kyorohiro.helloworld.io.VirtualMemory.length(VirtualMemory.java:77)
W/System.err( 2374): 	at info.kyorohiro.helloworld.io.BigLineData.isEOF(BigLineData.java:63)
W/System.err( 2374): 	at info.kyorohiro.helloworld.textviewer.viewer.LookAheadCaching$ReadForwardFileTask.run(LookAheadCaching.java:275)
W/System.err( 2374): 	at java.lang.Thread.run(Thread.java:1096)
W/System.err( 2374): java.io.IOException
W/System.err( 2374): 	at java.io.RandomAccessFile.openCheck(RandomAccessFile.java:267)
W/System.err( 2374): 	at java.io.RandomAccessFile.length(RandomAccessFile.java:279)
W/System.err( 2374): 	at info.kyorohiro.helloworld.io.VirtualMemory.length(VirtualMemory.java:77)
W/System.err( 2374): 	at info.kyorohiro.helloworld.io.BigLineData.isEOF(BigLineData.java:63)
W/System.err( 2374): 	at info.kyorohiro.helloworld.textviewer.viewer.LookAheadCaching$ReadForwardFileTask.run(LookAheadCaching.java:275)
W/System.err( 2374): 	at java.lang.Thread.run(Thread.java:1096)
W/System.err( 2374): java.io.IOException
W/System.err( 2374): 	at java.io.RandomAccessFile.openCheck(RandomAccessFile.java:267)
W/System.err( 2374): 	at java.io.RandomAccessFile.length(RandomAccessFile.java:279)
W/System.err( 2374): 	at info.kyorohiro.helloworld.io.VirtualMemory.length(VirtualMemory.java:77)
W/System.err( 2374): 	at info.kyorohiro.helloworld.io.BigLineData.isEOF(BigLineData.java:63)
W/System.err( 2374): 	at info.kyorohiro.helloworld.textviewer.viewer.LookAheadCaching$ReadForwardFileTask.run(LookAheadCaching.java:275)
W/System.err( 2374): 	at java.lang.Thread.run(Thread.java:1096)
W/System.err( 2374): java.io.IOException
W/System.err( 2374): 	at java.io.RandomAccessFile.openCheck(RandomAccessFile.java:267)
W/System.err( 2374): 	at java.io.RandomAccessFile.length(RandomAccessFile.java:279)
W/System.err( 2374): 	at info.kyorohiro.helloworld.io.VirtualMemory.length(VirtualMemory.java:77)
W/System.err( 2374): 	at info.kyorohiro.helloworld.io.BigLineData.isEOF(BigLineData.java:63)
W/System.err( 2374): 	at info.kyorohiro.helloworld.textviewer.viewer.LookAheadCaching$ReadForwardFileTask.run(LookAheadCaching.java:275)
W/System.err( 2374): 	at java.lang.Thread.run(Thread.java:1096)
E/wpa_supplicant( 1370): CIP:DRIVER RSSI-APPROX
E/WifiStateTracker( 1290): RPL(),rssi=-55
D/WifiStateTracker( 1290): requestPolledInfo, polling 3 times
E/wpa_supplicant( 1370): CIP:DRIVER LINKSPEED
W/System.err( 2374): java.io.IOException
W/System.err( 2374): 	at java.io.RandomAccessFile.openCheck(RandomAccessFile.java:267)
W/System.err( 2374): 	at java.io.RandomAccessFile.length(RandomAccessFile.java:279)
W/System.err( 2374): 	at info.kyorohiro.helloworld.io.VirtualMemory.length(VirtualMemory.java:77)
W/System.err( 2374): 	at info.kyorohiro.helloworld.io.BigLineData.isEOF(BigLineData.java:63)
W/System.err( 2374): 	at info.kyorohiro.helloworld.textviewer.viewer.LookAheadCaching$ReadForwardFileTask.run(LookAheadCaching.java:275)
W/System.err( 2374): 	at java.lang.Thread.run(Thread.java:1096)
W/System.err( 2374): java.io.IOException
W/System.err( 2374): 	at java.io.RandomAccessFile.openCheck(RandomAccessFile.java:267)
W/System.err( 2374): 	at java.io.RandomAccessFile.length(RandomAccessFile.java:279)
W/System.err( 2374): 	at info.kyorohiro.helloworld.io.VirtualMemory.length(VirtualMemory.java:77)
W/System.err( 2374): 	at info.kyorohiro.helloworld.io.BigLineData.isEOF(BigLineData.java:63)
W/System.err( 2374): 	at info.kyorohiro.helloworld.textviewer.viewer.LookAheadCaching$ReadForwardFileTask.run(LookAheadCaching.java:275)
W/System.err( 2374): 	at java.lang.Thread.run(Thread.java:1096)
W/System.err( 2374): java.io.IOException
W/System.err( 2374): 	at java.io.RandomAccessFile.openCheck(RandomAccessFile.java:267)
W/System.err( 2374): 	at java.io.RandomAccessFile.length(RandomAccessFile.java:279)
W/System.err( 2374): 	at info.kyorohiro.helloworld.io.VirtualMemory.length(VirtualMemory.java:77)
W/System.err( 2374): 	at info.kyorohiro.helloworld.io.BigLineData.isEOF(BigLineData.java:63)
W/System.err( 2374): 	at info.kyorohiro.helloworld.textviewer.viewer.LookAheadCaching$ReadForwardFileTask.run(LookAheadCaching.java:275)
W/System.err( 2374): 	at java.lang.Thread.run(Thread.java:1096)
W/System.err( 2374): java.io.IOException
W/System.err( 2374): 	at java.io.RandomAccessFile.openCheck(RandomAccessFile.java:267)
W/System.err( 2374): 	at java.io.RandomAccessFile.length(RandomAccessFile.java:279)
W/System.err( 2374): 	at info.kyorohiro.helloworld.io.VirtualMemory.length(VirtualMemory.java:77)
W/System.err( 2374): 	at info.kyorohiro.helloworld.io.BigLineData.isEOF(BigLineData.java:63)
W/System.err( 2374): 	at info.kyorohiro.helloworld.textviewer.viewer.LookAheadCaching$ReadForwardFileTask.run(LookAheadCaching.java:275)
W/System.err( 2374): 	at java.lang.Thread.run(Thread.java:1096)
W/System.err( 2374): java.io.IOException
W/System.err( 2374): 	at java.io.RandomAccessFile.openCheck(RandomAccessFile.java:267)
W/System.err( 2374): 	at java.io.RandomAccessFile.length(RandomAccessFile.java:279)
W/System.err( 2374): 	at info.kyorohiro.helloworld.io.VirtualMemory.length(VirtualMemory.java:77)
W/System.err( 2374): 	at info.kyorohiro.helloworld.io.BigLineData.isEOF(BigLineData.java:63)
W/System.err( 2374): 	at info.kyorohiro.helloworld.textviewer.viewer.LookAheadCaching$ReadForwardFileTask.run(LookAheadCaching.java:275)
W/System.err( 2374): 	at java.lang.Thread.run(Thread.java:1096)
W/System.err( 2374): java.io.IOException
W/System.err( 2374): 	at java.io.RandomAccessFile.openCheck(RandomAccessFile.java:267)
W/System.err( 2374): 	at java.io.RandomAccessFile.length(RandomAccessFile.java:279)
W/System.err( 2374): 	at info.kyorohiro.helloworld.io.VirtualMemory.length(VirtualMemory.java:77)
W/System.err( 2374): 	at info.kyorohiro.helloworld.io.BigLineData.isEOF(BigLineData.java:63)
W/System.err( 2374): 	at info.kyorohiro.helloworld.textviewer.viewer.LookAheadCaching$ReadForwardFileTask.run(LookAheadCaching.java:275)
W/System.err( 2374): 	at java.lang.Thread.run(Thread.java:1096)
W/System.err( 2374): java.io.IOException
W/System.err( 2374): 	at java.io.RandomAccessFile.openCheck(RandomAccessFile.java:267)
W/System.err( 2374): 	at java.io.RandomAccessFile.length(RandomAccessFile.java:279)
W/System.err( 2374): 	at info.kyorohiro.helloworld.io.VirtualMemory.length(VirtualMemory.java:77)
W/System.err( 2374): 	at info.kyorohiro.helloworld.io.BigLineData.isEOF(BigLineData.java:63)
W/System.err( 2374): 	at info.kyorohiro.helloworld.textviewer.viewer.LookAheadCaching$ReadForwardFileTask.run(LookAheadCaching.java:275)
W/System.err( 2374): 	at java.lang.Thread.run(Thread.java:1096)
W/System.err( 2374): java.io.IOException
W/System.err( 2374): 	at java.io.RandomAccessFile.openCheck(RandomAccessFile.java:267)
W/System.err( 2374): 	at java.io.RandomAccessFile.length(RandomAccessFile.java:279)
W/System.err( 2374): 	at info.kyorohiro.helloworld.io.VirtualMemory.length(VirtualMemory.java:77)
W/System.err( 2374): 	at info.kyorohiro.helloworld.io.BigLineData.isEOF(BigLineData.java:63)
W/System.err( 2374): 	at info.kyorohiro.helloworld.textviewer.viewer.LookAheadCaching$ReadForwardFileTask.run(LookAheadCaching.java:275)
W/System.err( 2374): 	at java.lang.Thread.run(Thread.java:1096)
W/System.err( 2374): java.io.IOException
W/System.err( 2374): 	at java.io.RandomAccessFile.openCheck(RandomAccessFile.java:267)
W/System.err( 2374): 	at java.io.RandomAccessFile.length(RandomAccessFile.java:279)
W/System.err( 2374): 	at info.kyorohiro.helloworld.io.VirtualMemory.length(VirtualMemory.java:77)
W/System.err( 2374): 	at info.kyorohiro.helloworld.io.BigLineData.isEOF(BigLineData.java:63)
W/System.err( 2374): 	at info.kyorohiro.helloworld.textviewer.viewer.LookAheadCaching$ReadForwardFileTask.run(LookAheadCaching.java:275)
W/System.err( 2374): 	at java.lang.Thread.run(Thread.java:1096)
W/System.err( 2374): java.io.IOException
W/System.err( 2374): 	at java.io.RandomAccessFile.openCheck(RandomAccessFile.java:267)
W/System.err( 2374): 	at java.io.RandomAccessFile.length(RandomAccessFile.java:279)
W/System.err( 2374): 	at info.kyorohiro.helloworld.io.VirtualMemory.length(VirtualMemory.java:77)
W/System.err( 2374): 	at info.kyorohiro.helloworld.io.BigLineData.isEOF(BigLineData.java:63)
W/System.err( 2374): 	at info.kyorohiro.helloworld.textviewer.viewer.LookAheadCaching$ReadForwardFileTask.run(LookAheadCaching.java:275)
W/System.err( 2374): 	at java.lang.Thread.run(Thread.java:1096)
W/System.err( 2374): java.io.IOException
W/System.err( 2374): 	at java.io.RandomAccessFile.openCheck(RandomAccessFile.java:267)
W/System.err( 2374): 	at java.io.RandomAccessFile.length(RandomAccessFile.java:279)
W/System.err( 2374): 	at info.kyorohiro.helloworld.io.VirtualMemory.length(VirtualMemory.java:77)
W/System.err( 2374): 	at info.kyorohiro.helloworld.io.BigLineData.isEOF(BigLineData.java:63)
W/System.err( 2374): 	at info.kyorohiro.helloworld.textviewer.viewer.LookAheadCaching$ReadForwardFileTask.run(LookAheadCaching.java:275)
W/System.err( 2374): 	at java.lang.Thread.run(Thread.java:1096)
W/System.err( 2374): java.io.IOException
W/System.err( 2374): 	at java.io.RandomAccessFile.openCheck(RandomAccessFile.java:267)
W/System.err( 2374): 	at java.io.RandomAccessFile.length(RandomAccessFile.java:279)
W/System.err( 2374): 	at info.kyorohiro.helloworld.io.VirtualMemory.length(VirtualMemory.java:77)
W/System.err( 2374): 	at info.kyorohiro.helloworld.io.BigLineData.isEOF(BigLineData.java:63)
W/System.err( 2374): 	at info.kyorohiro.helloworld.textviewer.viewer.LookAheadCaching$ReadForwardFileTask.run(LookAheadCaching.java:275)
W/System.err( 2374): 	at java.lang.Thread.run(Thread.java:1096)
W/System.err( 2374): java.io.IOException
W/System.err( 2374): 	at java.io.RandomAccessFile.openCheck(RandomAccessFile.java:267)
W/System.err( 2374): 	at java.io.RandomAccessFile.length(RandomAccessFile.java:279)
W/System.err( 2374): 	at info.kyorohiro.helloworld.io.VirtualMemory.length(VirtualMemory.java:77)
W/System.err( 2374): 	at info.kyorohiro.helloworld.io.BigLineData.isEOF(BigLineData.java:63)
W/System.err( 2374): 	at info.kyorohiro.helloworld.textviewer.viewer.LookAheadCaching$ReadForwardFileTask.run(LookAheadCaching.java:275)
W/System.err( 2374): 	at java.lang.Thread.run(Thread.java:1096)
W/System.err( 2374): java.io.IOException
W/System.err( 2374): 	at java.io.RandomAccessFile.openCheck(RandomAccessFile.java:267)
W/System.err( 2374): 	at java.io.RandomAccessFile.length(RandomAccessFile.java:279)
W/System.err( 2374): 	at info.kyorohiro.helloworld.io.VirtualMemory.length(VirtualMemory.java:77)
W/System.err( 2374): 	at info.kyorohiro.helloworld.io.BigLineData.isEOF(BigLineData.java:63)
W/System.err( 2374): 	at info.kyorohiro.helloworld.textviewer.viewer.LookAheadCaching$ReadForwardFileTask.run(LookAheadCaching.java:275)
W/System.err( 2374): 	at java.lang.Thread.run(Thread.java:1096)
W/System.err( 2374): java.io.IOException
W/System.err( 2374): 	at java.io.RandomAccessFile.openCheck(RandomAccessFile.java:267)
W/System.err( 2374): 	at java.io.RandomAccessFile.length(RandomAccessFile.java:279)
W/System.err( 2374): 	at info.kyorohiro.helloworld.io.VirtualMemory.length(VirtualMemory.java:77)
W/System.err( 2374): 	at info.kyorohiro.helloworld.io.BigLineData.isEOF(BigLineData.java:63)
W/System.err( 2374): 	at info.kyorohiro.helloworld.textviewer.viewer.LookAheadCaching$ReadForwardFileTask.run(LookAheadCaching.java:275)
W/System.err( 2374): 	at java.lang.Thread.run(Thread.java:1096)
W/System.err( 2374): java.io.IOException
W/System.err( 2374): 	at java.io.RandomAccessFile.openCheck(RandomAccessFile.java:267)
W/System.err( 2374): 	at java.io.RandomAccessFile.length(RandomAccessFile.java:279)
W/System.err( 2374): 	at info.kyorohiro.helloworld.io.VirtualMemory.length(VirtualMemory.java:77)
W/System.err( 2374): 	at info.kyorohiro.helloworld.io.BigLineData.isEOF(BigLineData.java:63)
W/System.err( 2374): 	at info.kyorohiro.helloworld.textviewer.viewer.LookAheadCaching$ReadForwardFileTask.run(LookAheadCaching.java:275)
W/System.err( 2374): 	at java.lang.Thread.run(Thread.java:1096)
W/System.err( 2374): java.io.IOException
W/System.err( 2374): 	at java.io.RandomAccessFile.openCheck(RandomAccessFile.java:267)
W/System.err( 2374): 	at java.io.RandomAccessFile.length(RandomAccessFile.java:279)
W/System.err( 2374): 	at info.kyorohiro.helloworld.io.VirtualMemory.length(VirtualMemory.java:77)
W/System.err( 2374): 	at info.kyorohiro.helloworld.io.BigLineData.isEOF(BigLineData.java:63)
W/System.err( 2374): 	at info.kyorohiro.helloworld.textviewer.viewer.LookAheadCaching$ReadForwardFileTask.run(LookAheadCaching.java:275)
W/System.err( 2374): 	at java.lang.Thread.run(Thread.java:1096)
W/System.err( 2374): java.io.IOException
W/System.err( 2374): 	at java.io.RandomAccessFile.openCheck(RandomAccessFile.java:267)
W/System.err( 2374): 	at java.io.RandomAccessFile.length(RandomAccessFile.java:279)
W/System.err( 2374): 	at info.kyorohiro.helloworld.io.VirtualMemory.length(VirtualMemory.java:77)
W/System.err( 2374): 	at info.kyorohiro.helloworld.io.BigLineData.isEOF(BigLineData.java:63)
W/System.err( 2374): 	at info.kyorohiro.helloworld.textviewer.viewer.LookAheadCaching$ReadForwardFileTask.run(LookAheadCaching.java:275)
W/System.err( 2374): 	at java.lang.Thread.run(Thread.java:1096)
W/System.err( 2374): java.io.IOException
W/System.err( 2374): 	at java.io.RandomAccessFile.openCheck(RandomAccessFile.java:267)
W/System.err( 2374): 	at java.io.RandomAccessFile.length(RandomAccessFile.java:279)
W/System.err( 2374): 	at info.kyorohiro.helloworld.io.VirtualMemory.length(VirtualMemory.java:77)
W/System.err( 2374): 	at info.kyorohiro.helloworld.io.BigLineData.isEOF(BigLineData.java:63)
W/System.err( 2374): 	at info.kyorohiro.helloworld.textviewer.viewer.LookAheadCaching$ReadForwardFileTask.run(LookAheadCaching.java:275)
W/System.err( 2374): 	at java.lang.Thread.run(Thread.java:1096)
W/System.err( 2374): java.io.IOException
W/System.err( 2374): 	at java.io.RandomAccessFile.openCheck(RandomAccessFile.java:267)
W/System.err( 2374): 	at java.io.RandomAccessFile.length(RandomAccessFile.java:279)
W/System.err( 2374): 	at info.kyorohiro.helloworld.io.VirtualMemory.length(VirtualMemory.java:77)
W/System.err( 2374): 	at info.kyorohiro.helloworld.io.BigLineData.isEOF(BigLineData.java:63)
W/System.err( 2374): 	at info.kyorohiro.helloworld.textviewer.viewer.LookAheadCaching$ReadForwardFileTask.run(LookAheadCaching.java:275)
W/System.err( 2374): 	at java.lang.Thread.run(Thread.java:1096)
W/System.err( 2374): java.io.IOException
W/System.err( 2374): 	at java.io.RandomAccessFile.openCheck(RandomAccessFile.java:267)
W/System.err( 2374): 	at java.io.RandomAccessFile.length(RandomAccessFile.java:279)
W/System.err( 2374): 	at info.kyorohiro.helloworld.io.VirtualMemory.length(VirtualMemory.java:77)
W/System.err( 2374): 	at info.kyorohiro.helloworld.io.BigLineData.isEOF(BigLineData.java:63)
W/System.err( 2374): 	at info.kyorohiro.helloworld.textviewer.viewer.LookAheadCaching$ReadForwardFileTask.run(LookAheadCaching.java:275)
W/System.err( 2374): 	at java.lang.Thread.run(Thread.java:1096)
W/System.err( 2374): java.io.IOException
W/System.err( 2374): 	at java.io.RandomAccessFile.openCheck(RandomAccessFile.java:267)
W/System.err( 2374): 	at java.io.RandomAccessFile.length(RandomAccessFile.java:279)
W/System.err( 2374): 	at info.kyorohiro.helloworld.io.VirtualMemory.length(VirtualMemory.java:77)
W/System.err( 2374): 	at info.kyorohiro.helloworld.io.BigLineData.isEOF(BigLineData.java:63)
W/System.err( 2374): 	at info.kyorohiro.helloworld.textviewer.viewer.LookAheadCaching$ReadForwardFileTask.run(LookAheadCaching.java:275)
W/System.err( 2374): 	at java.lang.Thread.run(Thread.java:1096)
W/System.err( 2374): java.io.IOException
W/System.err( 2374): 	at java.io.RandomAccessFile.openCheck(RandomAccessFile.java:267)
W/System.err( 2374): 	at java.io.RandomAccessFile.length(RandomAccessFile.java:279)
W/System.err( 2374): 	at info.kyorohiro.helloworld.io.VirtualMemory.length(VirtualMemory.java:77)
W/System.err( 2374): 	at info.kyorohiro.helloworld.io.BigLineData.isEOF(BigLineData.java:63)
W/System.err( 2374): 	at info.kyorohiro.helloworld.textviewer.viewer.LookAheadCaching$ReadForwardFileTask.run(LookAheadCaching.java:275)
W/System.err( 2374): 	at java.lang.Thread.run(Thread.java:1096)
E/wpa_supplicant( 1370): CIP:DRIVER RSSI-APPROX
E/WifiStateTracker( 1290): RPL(),rssi=-55
D/WifiStateTracker( 1290): requestPolledInfo, polling 1 times
E/wpa_supplicant( 1370): CIP:DRIVER LINKSPEED
W/System.err( 2374): java.io.IOException
W/System.err( 2374): 	at java.io.RandomAccessFile.openCheck(RandomAccessFile.java:267)
W/System.err( 2374): 	at java.io.RandomAccessFile.length(RandomAccessFile.java:279)
W/System.err( 2374): 	at info.kyorohiro.helloworld.io.VirtualMemory.length(VirtualMemory.java:77)
W/System.err( 2374): 	at info.kyorohiro.helloworld.io.BigLineData.isEOF(BigLineData.java:63)
W/System.err( 2374): 	at info.kyorohiro.helloworld.textviewer.viewer.LookAheadCaching$ReadForwardFileTask.run(LookAheadCaching.java:275)
W/System.err( 2374): 	at java.lang.Thread.run(Thread.java:1096)
W/System.err( 2374): java.io.IOException
W/System.err( 2374): 	at java.io.RandomAccessFile.openCheck(RandomAccessFile.java:267)
W/System.err( 2374): 	at java.io.RandomAccessFile.length(RandomAccessFile.java:279)
W/System.err( 2374): 	at info.kyorohiro.helloworld.io.VirtualMemory.length(VirtualMemory.java:77)
W/System.err( 2374): 	at info.kyorohiro.helloworld.io.BigLineData.isEOF(BigLineData.java:63)
W/System.err( 2374): 	at info.kyorohiro.helloworld.textviewer.viewer.LookAheadCaching$ReadForwardFileTask.run(LookAheadCaching.java:275)
W/System.err( 2374): 	at java.lang.Thread.run(Thread.java:1096)
W/System.err( 2374): java.io.IOException
W/System.err( 2374): 	at java.io.RandomAccessFile.openCheck(RandomAccessFile.java:267)
W/System.err( 2374): 	at java.io.RandomAccessFile.length(RandomAccessFile.java:279)
W/System.err( 2374): 	at info.kyorohiro.helloworld.io.VirtualMemory.length(VirtualMemory.java:77)
W/System.err( 2374): 	at info.kyorohiro.helloworld.io.BigLineData.isEOF(BigLineData.java:63)
W/System.err( 2374): 	at info.kyorohiro.helloworld.textviewer.viewer.LookAheadCaching$ReadForwardFileTask.run(LookAheadCaching.java:275)
W/System.err( 2374): 	at java.lang.Thread.run(Thread.java:1096)
W/System.err( 2374): java.io.IOException
W/System.err( 2374): 	at java.io.RandomAccessFile.openCheck(RandomAccessFile.java:267)
W/System.err( 2374): 	at java.io.RandomAccessFile.length(RandomAccessFile.java:279)
W/System.err( 2374): 	at info.kyorohiro.helloworld.io.VirtualMemory.length(VirtualMemory.java:77)
W/System.err( 2374): 	at info.kyorohiro.helloworld.io.BigLineData.isEOF(BigLineData.java:63)
W/System.err( 2374): 	at info.kyorohiro.helloworld.textviewer.viewer.LookAheadCaching$ReadForwardFileTask.run(LookAheadCaching.java:275)
W/System.err( 2374): 	at java.lang.Thread.run(Thread.java:1096)
W/System.err( 2374): java.io.IOException
W/System.err( 2374): 	at java.io.RandomAccessFile.openCheck(RandomAccessFile.java:267)
W/System.err( 2374): 	at java.io.RandomAccessFile.length(RandomAccessFile.java:279)
W/System.err( 2374): 	at info.kyorohiro.helloworld.io.VirtualMemory.length(VirtualMemory.java:77)
W/System.err( 2374): 	at info.kyorohiro.helloworld.io.BigLineData.isEOF(BigLineData.java:63)
W/System.err( 2374): 	at info.kyorohiro.helloworld.textviewer.viewer.LookAheadCaching$ReadForwardFileTask.run(LookAheadCaching.java:275)
W/System.err( 2374): 	at java.lang.Thread.run(Thread.java:1096)
W/System.err( 2374): java.io.IOException
W/System.err( 2374): 	at java.io.RandomAccessFile.openCheck(RandomAccessFile.java:267)
W/System.err( 2374): 	at java.io.RandomAccessFile.length(RandomAccessFile.java:279)
W/System.err( 2374): 	at info.kyorohiro.helloworld.io.VirtualMemory.length(VirtualMemory.java:77)
W/System.err( 2374): 	at info.kyorohiro.helloworld.io.BigLineData.isEOF(BigLineData.java:63)
W/System.err( 2374): 	at info.kyorohiro.helloworld.textviewer.viewer.LookAheadCaching$ReadForwardFileTask.run(LookAheadCaching.java:275)
W/System.err( 2374): 	at java.lang.Thread.run(Thread.java:1096)
W/System.err( 2374): java.io.IOException
W/System.err( 2374): 	at java.io.RandomAccessFile.openCheck(RandomAccessFile.java:267)
W/System.err( 2374): 	at java.io.RandomAccessFile.length(RandomAccessFile.java:279)
W/System.err( 2374): 	at info.kyorohiro.helloworld.io.VirtualMemory.length(VirtualMemory.java:77)
W/System.err( 2374): 	at info.kyorohiro.helloworld.io.BigLineData.isEOF(BigLineData.java:63)
W/System.err( 2374): 	at info.kyorohiro.helloworld.textviewer.viewer.LookAheadCaching$ReadForwardFileTask.run(LookAheadCaching.java:275)
W/System.err( 2374): 	at java.lang.Thread.run(Thread.java:1096)
I/ContactAggregator( 1391): Contact aggregation: 20
W/System.err( 2374): java.io.IOException
W/System.err( 2374): 	at java.io.RandomAccessFile.openCheck(RandomAccessFile.java:267)
W/System.err( 2374): 	at java.io.RandomAccessFile.length(RandomAccessFile.java:279)
W/System.err( 2374): 	at info.kyorohiro.helloworld.io.VirtualMemory.length(VirtualMemory.java:77)
W/System.err( 2374): 	at info.kyorohiro.helloworld.io.BigLineData.isEOF(BigLineData.java:63)
W/System.err( 2374): 	at info.kyorohiro.helloworld.textviewer.viewer.LookAheadCaching$ReadForwardFileTask.run(LookAheadCaching.java:275)
W/System.err( 2374): 	at java.lang.Thread.run(Thread.java:1096)
W/System.err( 2374): java.io.IOException
W/System.err( 2374): 	at java.io.RandomAccessFile.openCheck(RandomAccessFile.java:267)
W/System.err( 2374): 	at java.io.RandomAccessFile.length(RandomAccessFile.java:279)
W/System.err( 2374): 	at info.kyorohiro.helloworld.io.VirtualMemory.length(VirtualMemory.java:77)
W/System.err( 2374): 	at info.kyorohiro.helloworld.io.BigLineData.isEOF(BigLineData.java:63)
W/System.err( 2374): 	at info.kyorohiro.helloworld.textviewer.viewer.LookAheadCaching$ReadForwardFileTask.run(LookAheadCaching.java:275)
W/System.err( 2374): 	at java.lang.Thread.run(Thread.java:1096)
W/System.err( 2374): java.io.IOException
W/System.err( 2374): 	at java.io.RandomAccessFile.openCheck(RandomAccessFile.java:267)
W/System.err( 2374): 	at java.io.RandomAccessFile.length(RandomAccessFile.java:279)
W/System.err( 2374): 	at info.kyorohiro.helloworld.io.VirtualMemory.length(VirtualMemory.java:77)
W/System.err( 2374): 	at info.kyorohiro.helloworld.io.BigLineData.isEOF(BigLineData.java:63)
W/System.err( 2374): 	at info.kyorohiro.helloworld.textviewer.viewer.LookAheadCaching$ReadForwardFileTask.run(LookAheadCaching.java:275)
W/System.err( 2374): 	at java.lang.Thread.run(Thread.java:1096)
W/System.err( 2374): java.io.IOException
W/System.err( 2374): 	at java.io.RandomAccessFile.openCheck(RandomAccessFile.java:267)
W/System.err( 2374): 	at java.io.RandomAccessFile.length(RandomAccessFile.java:279)
W/System.err( 2374): 	at info.kyorohiro.helloworld.io.VirtualMemory.length(VirtualMemory.java:77)
W/System.err( 2374): 	at info.kyorohiro.helloworld.io.BigLineData.isEOF(BigLineData.java:63)
W/System.err( 2374): 	at info.kyorohiro.helloworld.textviewer.viewer.LookAheadCaching$ReadForwardFileTask.run(LookAheadCaching.java:275)
W/System.err( 2374): 	at java.lang.Thread.run(Thread.java:1096)
W/System.err( 2374): java.io.IOException
W/System.err( 2374): 	at java.io.RandomAccessFile.openCheck(RandomAccessFile.java:267)
W/System.err( 2374): 	at java.io.RandomAccessFile.length(RandomAccessFile.java:279)
W/System.err( 2374): 	at info.kyorohiro.helloworld.io.VirtualMemory.length(VirtualMemory.java:77)
W/System.err( 2374): 	at info.kyorohiro.helloworld.io.BigLineData.isEOF(BigLineData.java:63)
W/System.err( 2374): 	at info.kyorohiro.helloworld.textviewer.viewer.LookAheadCaching$ReadForwardFileTask.run(LookAheadCaching.java:275)
W/System.err( 2374): 	at java.lang.Thread.run(Thread.java:1096)
W/System.err( 2374): java.io.IOException
W/System.err( 2374): 	at java.io.RandomAccessFile.openCheck(RandomAccessFile.java:267)
W/System.err( 2374): 	at java.io.RandomAccessFile.length(RandomAccessFile.java:279)
W/System.err( 2374): 	at info.kyorohiro.helloworld.io.VirtualMemory.length(VirtualMemory.java:77)
W/System.err( 2374): 	at info.kyorohiro.helloworld.io.BigLineData.isEOF(BigLineData.java:63)
W/System.err( 2374): 	at info.kyorohiro.helloworld.textviewer.viewer.LookAheadCaching$ReadForwardFileTask.run(LookAheadCaching.java:275)
W/System.err( 2374): 	at java.lang.Thread.run(Thread.java:1096)
W/System.err( 2374): java.io.IOException
W/System.err( 2374): 	at java.io.RandomAccessFile.openCheck(RandomAccessFile.java:267)
W/System.err( 2374): 	at java.io.RandomAccessFile.length(RandomAccessFile.java:279)
W/System.err( 2374): 	at info.kyorohiro.helloworld.io.VirtualMemory.length(VirtualMemory.java:77)
W/System.err( 2374): 	at info.kyorohiro.helloworld.io.BigLineData.isEOF(BigLineData.java:63)
W/System.err( 2374): 	at info.kyorohiro.helloworld.textviewer.viewer.LookAheadCaching$ReadForwardFileTask.run(LookAheadCaching.java:275)
W/System.err( 2374): 	at java.lang.Thread.run(Thread.java:1096)
W/System.err( 2374): java.io.IOException
W/System.err( 2374): 	at java.io.RandomAccessFile.openCheck(RandomAccessFile.java:267)
W/System.err( 2374): 	at java.io.RandomAccessFile.length(RandomAccessFile.java:279)
W/System.err( 2374): 	at info.kyorohiro.helloworld.io.VirtualMemory.length(VirtualMemory.java:77)
W/System.err( 2374): 	at info.kyorohiro.helloworld.io.BigLineData.isEOF(BigLineData.java:63)
W/System.err( 2374): 	at info.kyorohiro.helloworld.textviewer.viewer.LookAheadCaching$ReadForwardFileTask.run(LookAheadCaching.java:275)
W/System.err( 2374): 	at java.lang.Thread.run(Thread.java:1096)
W/System.err( 2374): java.io.IOException
W/System.err( 2374): 	at java.io.RandomAccessFile.openCheck(RandomAccessFile.java:267)
W/System.err( 2374): 	at java.io.RandomAccessFile.length(RandomAccessFile.java:279)
W/System.err( 2374): 	at info.kyorohiro.helloworld.io.VirtualMemory.length(VirtualMemory.java:77)
W/System.err( 2374): 	at info.kyorohiro.helloworld.io.BigLineData.isEOF(BigLineData.java:63)
W/System.err( 2374): 	at info.kyorohiro.helloworld.textviewer.viewer.LookAheadCaching$ReadForwardFileTask.run(LookAheadCaching.java:275)
W/System.err( 2374): 	at java.lang.Thread.run(Thread.java:1096)
W/System.err( 2374): java.io.IOException
W/System.err( 2374): 	at java.io.RandomAccessFile.openCheck(RandomAccessFile.java:267)
W/System.err( 2374): 	at java.io.RandomAccessFile.length(RandomAccessFile.java:279)
W/System.err( 2374): 	at info.kyorohiro.helloworld.io.VirtualMemory.length(VirtualMemory.java:77)
W/System.err( 2374): 	at info.kyorohiro.helloworld.io.BigLineData.isEOF(BigLineData.java:63)
W/System.err( 2374): 	at info.kyorohiro.helloworld.textviewer.viewer.LookAheadCaching$ReadForwardFileTask.run(LookAheadCaching.java:275)
W/System.err( 2374): 	at java.lang.Thread.run(Thread.java:1096)
W/System.err( 2374): java.io.IOException
W/System.err( 2374): 	at java.io.RandomAccessFile.openCheck(RandomAccessFile.java:267)
W/System.err( 2374): 	at java.io.RandomAccessFile.length(RandomAccessFile.java:279)
W/System.err( 2374): 	at info.kyorohiro.helloworld.io.VirtualMemory.length(VirtualMemory.java:77)
W/System.err( 2374): 	at info.kyorohiro.helloworld.io.BigLineData.isEOF(BigLineData.java:63)
W/System.err( 2374): 	at info.kyorohiro.helloworld.textviewer.viewer.LookAheadCaching$ReadForwardFileTask.run(LookAheadCaching.java:275)
W/System.err( 2374): 	at java.lang.Thread.run(Thread.java:1096)
D/PowerManagerService( 1290): updateLightsLocked: 35, 0
W/System.err( 2374): java.io.IOException
W/System.err( 2374): 	at java.io.RandomAccessFile.openCheck(RandomAccessFile.java:267)
W/System.err( 2374): 	at java.io.RandomAccessFile.length(RandomAccessFile.java:279)
W/System.err( 2374): 	at info.kyorohiro.helloworld.io.VirtualMemory.length(VirtualMemory.java:77)
W/System.err( 2374): 	at info.kyorohiro.helloworld.io.BigLineData.isEOF(BigLineData.java:63)
W/System.err( 2374): 	at info.kyorohiro.helloworld.textviewer.viewer.LookAheadCaching$ReadForwardFileTask.run(LookAheadCaching.java:275)
W/System.err( 2374): 	at java.lang.Thread.run(Thread.java:1096)
W/System.err( 2374): java.io.IOException
W/System.err( 2374): 	at java.io.RandomAccessFile.openCheck(RandomAccessFile.java:267)
W/System.err( 2374): 	at java.io.RandomAccessFile.length(RandomAccessFile.java:279)
W/System.err( 2374): 	at info.kyorohiro.helloworld.io.VirtualMemory.length(VirtualMemory.java:77)
W/System.err( 2374): 	at info.kyorohiro.helloworld.io.BigLineData.isEOF(BigLineData.java:63)
W/System.err( 2374): 	at info.kyorohiro.helloworld.textviewer.viewer.LookAheadCaching$ReadForwardFileTask.run(LookAheadCaching.java:275)
W/System.err( 2374): 	at java.lang.Thread.run(Thread.java:1096)
W/System.err( 2374): java.io.IOException
W/System.err( 2374): 	at java.io.RandomAccessFile.openCheck(RandomAccessFile.java:267)
W/System.err( 2374): 	at java.io.RandomAccessFile.length(RandomAccessFile.java:279)
W/System.err( 2374): 	at info.kyorohiro.helloworld.io.VirtualMemory.length(VirtualMemory.java:77)
W/System.err( 2374): 	at info.kyorohiro.helloworld.io.BigLineData.isEOF(BigLineData.java:63)
W/System.err( 2374): 	at info.kyorohiro.helloworld.textviewer.viewer.LookAheadCaching$ReadForwardFileTask.run(LookAheadCaching.java:275)
W/System.err( 2374): 	at java.lang.Thread.run(Thread.java:1096)
W/System.err( 2374): java.io.IOException
W/System.err( 2374): 	at java.io.RandomAccessFile.openCheck(RandomAccessFile.java:267)
W/System.err( 2374): 	at java.io.RandomAccessFile.length(RandomAccessFile.java:279)
W/System.err( 2374): 	at info.kyorohiro.helloworld.io.VirtualMemory.length(VirtualMemory.java:77)
W/System.err( 2374): 	at info.kyorohiro.helloworld.io.BigLineData.isEOF(BigLineData.java:63)
W/System.err( 2374): 	at info.kyorohiro.helloworld.textviewer.viewer.LookAheadCaching$ReadForwardFileTask.run(LookAheadCaching.java:275)
W/System.err( 2374): 	at java.lang.Thread.run(Thread.java:1096)
W/System.err( 2374): java.io.IOException
W/System.err( 2374): 	at java.io.RandomAccessFile.openCheck(RandomAccessFile.java:267)
W/System.err( 2374): 	at java.io.RandomAccessFile.length(RandomAccessFile.java:279)
W/System.err( 2374): 	at info.kyorohiro.helloworld.io.VirtualMemory.length(VirtualMemory.java:77)
W/System.err( 2374): 	at info.kyorohiro.helloworld.io.BigLineData.isEOF(BigLineData.java:63)
W/System.err( 2374): 	at info.kyorohiro.helloworld.textviewer.viewer.LookAheadCaching$ReadForwardFileTask.run(LookAheadCaching.java:275)
W/System.err( 2374): 	at java.lang.Thread.run(Thread.java:1096)
E/wpa_supplicant( 1370): CIP:DRIVER RSSI-APPROX
E/WifiStateTracker( 1290): RPL(),rssi=-55
D/WifiStateTracker( 1290): requestPolledInfo, polling 2 times
E/wpa_supplicant( 1370): CIP:DRIVER LINKSPEED
W/System.err( 2374): java.io.IOException
W/System.err( 2374): 	at java.io.RandomAccessFile.openCheck(RandomAccessFile.java:267)
W/System.err( 2374): 	at java.io.RandomAccessFile.length(RandomAccessFile.java:279)
W/System.err( 2374): 	at info.kyorohiro.helloworld.io.VirtualMemory.length(VirtualMemory.java:77)
W/System.err( 2374): 	at info.kyorohiro.helloworld.io.BigLineData.isEOF(BigLineData.java:63)
W/System.err( 2374): 	at info.kyorohiro.helloworld.textviewer.viewer.LookAheadCaching$ReadForwardFileTask.run(LookAheadCaching.java:275)
W/System.err( 2374): 	at java.lang.Thread.run(Thread.java:1096)
W/System.err( 2374): java.io.IOException
W/System.err( 2374): 	at java.io.RandomAccessFile.openCheck(RandomAccessFile.java:267)
W/System.err( 2374): 	at java.io.RandomAccessFile.length(RandomAccessFile.java:279)
W/System.err( 2374): 	at info.kyorohiro.helloworld.io.VirtualMemory.length(VirtualMemory.java:77)
W/System.err( 2374): 	at info.kyorohiro.helloworld.io.BigLineData.isEOF(BigLineData.java:63)
W/System.err( 2374): 	at info.kyorohiro.helloworld.textviewer.viewer.LookAheadCaching$ReadForwardFileTask.run(LookAheadCaching.java:275)
W/System.err( 2374): 	at java.lang.Thread.run(Thread.java:1096)
W/System.err( 2374): java.io.IOException
W/System.err( 2374): 	at java.io.RandomAccessFile.openCheck(RandomAccessFile.java:267)
W/System.err( 2374): 	at java.io.RandomAccessFile.length(RandomAccessFile.java:279)
W/System.err( 2374): 	at info.kyorohiro.helloworld.io.VirtualMemory.length(VirtualMemory.java:77)
W/System.err( 2374): 	at info.kyorohiro.helloworld.io.BigLineData.isEOF(BigLineData.java:63)
W/System.err( 2374): 	at info.kyorohiro.helloworld.textviewer.viewer.LookAheadCaching$ReadForwardFileTask.run(LookAheadCaching.java:275)
W/System.err( 2374): 	at java.lang.Thread.run(Thread.java:1096)
W/System.err( 2374): java.io.IOException
W/System.err( 2374): 	at java.io.RandomAccessFile.openCheck(RandomAccessFile.java:267)
W/System.err( 2374): 	at java.io.RandomAccessFile.length(RandomAccessFile.java:279)
W/System.err( 2374): 	at info.kyorohiro.helloworld.io.VirtualMemory.length(VirtualMemory.java:77)
W/System.err( 2374): 	at info.kyorohiro.helloworld.io.BigLineData.isEOF(BigLineData.java:63)
W/System.err( 2374): 	at info.kyorohiro.helloworld.textviewer.viewer.LookAheadCaching$ReadForwardFileTask.run(LookAheadCaching.java:275)
W/System.err( 2374): 	at java.lang.Thread.run(Thread.java:1096)
I/ContactAggregator( 1391): Contact aggregation complete: 20, 133 ms per contact
W/System.err( 2374): java.io.IOException
D/ContactsSyncAdapter( 1410): dropping unparsable extended property: missing value
D/ContactsSyncAdapter( 1410): dropping unparsable extended property: missing value
D/ContactsSyncAdapter( 1410): dropping unparsable extended property: missing value
W/System.err( 2374): 	at java.io.RandomAccessFile.openCheck(RandomAccessFile.java:267)
W/System.err( 2374): 	at java.io.RandomAccessFile.length(RandomAccessFile.java:279)
W/System.err( 2374): 	at info.kyorohiro.helloworld.io.VirtualMemory.length(VirtualMemory.java:77)
W/System.err( 2374): 	at info.kyorohiro.helloworld.io.BigLineData.isEOF(BigLineData.java:63)
W/System.err( 2374): 	at info.kyorohiro.helloworld.textviewer.viewer.LookAheadCaching$ReadForwardFileTask.run(LookAheadCaching.java:275)
W/System.err( 2374): 	at java.lang.Thread.run(Thread.java:1096)
D/ContactsSyncAdapter( 1410): dropping unparsable extended property: missing value
D/ContactsSyncAdapter( 1410): dropping unparsable extended property: missing value
D/ContactsSyncAdapter( 1410): dropping unparsable extended property: missing value
W/System.err( 2374): java.io.IOException
W/System.err( 2374): 	at java.io.RandomAccessFile.openCheck(RandomAccessFile.java:267)
W/System.err( 2374): 	at java.io.RandomAccessFile.length(RandomAccessFile.java:279)
W/System.err( 2374): 	at info.kyorohiro.helloworld.io.VirtualMemory.length(VirtualMemory.java:77)
W/System.err( 2374): 	at info.kyorohiro.helloworld.io.BigLineData.isEOF(BigLineData.java:63)
W/System.err( 2374): 	at info.kyorohiro.helloworld.textviewer.viewer.LookAheadCaching$ReadForwardFileTask.run(LookAheadCaching.java:275)
W/System.err( 2374): 	at java.lang.Thread.run(Thread.java:1096)
D/ContactsSyncAdapter( 1410): dropping unparsable extended property: missing value
D/ContactsSyncAdapter( 1410): dropping unparsable extended property: missing value
D/ContactsSyncAdapter( 1410): dropping unparsable extended property: missing value
W/System.err( 2374): java.io.IOException
W/System.err( 2374): 	at java.io.RandomAccessFile.openCheck(RandomAccessFile.java:267)
W/System.err( 2374): 	at java.io.RandomAccessFile.length(RandomAccessFile.java:279)
W/System.err( 2374): 	at info.kyorohiro.helloworld.io.VirtualMemory.length(VirtualMemory.java:77)
W/System.err( 2374): 	at info.kyorohiro.helloworld.io.BigLineData.isEOF(BigLineData.java:63)
W/System.err( 2374): 	at info.kyorohiro.helloworld.textviewer.viewer.LookAheadCaching$ReadForwardFileTask.run(LookAheadCaching.java:275)
W/System.err( 2374): 	at java.lang.Thread.run(Thread.java:1096)
D/ContactsSyncAdapter( 1410): dropping unparsable extended property: missing value
D/ContactsSyncAdapter( 1410): dropping unparsable extended property: missing value
W/System.err( 2374): java.io.IOException
W/System.err( 2374): 	at java.io.RandomAccessFile.openCheck(RandomAccessFile.java:267)
W/System.err( 2374): 	at java.io.RandomAccessFile.length(RandomAccessFile.java:279)
W/System.err( 2374): 	at info.kyorohiro.helloworld.io.VirtualMemory.length(VirtualMemory.java:77)
W/System.err( 2374): 	at info.kyorohiro.helloworld.io.BigLineData.isEOF(BigLineData.java:63)
W/System.err( 2374): 	at info.kyorohiro.helloworld.textviewer.viewer.LookAheadCaching$ReadForwardFileTask.run(LookAheadCaching.java:275)
W/System.err( 2374): 	at java.lang.Thread.run(Thread.java:1096)
W/System.err( 2374): java.io.IOException
W/System.err( 2374): 	at java.io.RandomAccessFile.openCheck(RandomAccessFile.java:267)
W/System.err( 2374): 	at java.io.RandomAccessFile.length(RandomAccessFile.java:279)
W/System.err( 2374): 	at info.kyorohiro.helloworld.io.VirtualMemory.length(VirtualMemory.java:77)
W/System.err( 2374): 	at info.kyorohiro.helloworld.io.BigLineData.isEOF(BigLineData.java:63)
W/System.err( 2374): 	at info.kyorohiro.helloworld.textviewer.viewer.LookAheadCaching$ReadForwardFileTask.run(LookAheadCaching.java:275)
W/System.err( 2374): 	at java.lang.Thread.run(Thread.java:1096)
D/ContactsSyncAdapter( 1410): dropping unparsable extended property: missing value
D/ContactsSyncAdapter( 1410): dropping unparsable extended property: missing value
W/System.err( 2374): java.io.IOException
W/System.err( 2374): 	at java.io.RandomAccessFile.openCheck(RandomAccessFile.java:267)
W/System.err( 2374): 	at java.io.RandomAccessFile.length(RandomAccessFile.java:279)
W/System.err( 2374): 	at info.kyorohiro.helloworld.io.VirtualMemory.length(VirtualMemory.java:77)
W/System.err( 2374): 	at info.kyorohiro.helloworld.io.BigLineData.isEOF(BigLineData.java:63)
W/System.err( 2374): 	at info.kyorohiro.helloworld.textviewer.viewer.LookAheadCaching$ReadForwardFileTask.run(LookAheadCaching.java:275)
W/System.err( 2374): 	at java.lang.Thread.run(Thread.java:1096)
D/ContactsSyncAdapter( 1410): dropping unparsable extended property: missing value
W/System.err( 2374): java.io.IOException
W/System.err( 2374): 	at java.io.RandomAccessFile.openCheck(RandomAccessFile.java:267)
W/System.err( 2374): 	at java.io.RandomAccessFile.length(RandomAccessFile.java:279)
W/System.err( 2374): 	at info.kyorohiro.helloworld.io.VirtualMemory.length(VirtualMemory.java:77)
W/System.err( 2374): 	at info.kyorohiro.helloworld.io.BigLineData.isEOF(BigLineData.java:63)
W/System.err( 2374): 	at info.kyorohiro.helloworld.textviewer.viewer.LookAheadCaching$ReadForwardFileTask.run(LookAheadCaching.java:275)
W/System.err( 2374): 	at java.lang.Thread.run(Thread.java:1096)
D/ContactsSyncAdapter( 1410): dropping unparsable extended property: missing value
D/ContactsSyncAdapter( 1410): dropping unparsable extended property: missing value
D/ContactsSyncAdapter( 1410): dropping unparsable extended property: missing value
W/System.err( 2374): java.io.IOException
W/System.err( 2374): 	at java.io.RandomAccessFile.openCheck(RandomAccessFile.java:267)
W/System.err( 2374): 	at java.io.RandomAccessFile.length(RandomAccessFile.java:279)
W/System.err( 2374): 	at info.kyorohiro.helloworld.io.VirtualMemory.length(VirtualMemory.java:77)
W/System.err( 2374): 	at info.kyorohiro.helloworld.io.BigLineData.isEOF(BigLineData.java:63)
W/System.err( 2374): 	at info.kyorohiro.helloworld.textviewer.viewer.LookAheadCaching$ReadForwardFileTask.run(LookAheadCaching.java:275)
W/System.err( 2374): 	at java.lang.Thread.run(Thread.java:1096)
D/ContactsSyncAdapter( 1410): dropping unparsable extended property: missing value
D/ContactsSyncAdapter( 1410): dropping unparsable extended property: missing value
D/ContactsSyncAdapter( 1410): dropping unparsable extended property: missing value
W/System.err( 2374): java.io.IOException
W/System.err( 2374): 	at java.io.RandomAccessFile.openCheck(RandomAccessFile.java:267)
W/System.err( 2374): 	at java.io.RandomAccessFile.length(RandomAccessFile.java:279)
W/System.err( 2374): 	at info.kyorohiro.helloworld.io.VirtualMemory.length(VirtualMemory.java:77)
W/System.err( 2374): 	at info.kyorohiro.helloworld.io.BigLineData.isEOF(BigLineData.java:63)
W/System.err( 2374): 	at info.kyorohiro.helloworld.textviewer.viewer.LookAheadCaching$ReadForwardFileTask.run(LookAheadCaching.java:275)
W/System.err( 2374): 	at java.lang.Thread.run(Thread.java:1096)
W/System.err( 2374): java.io.IOException
W/System.err( 2374): 	at java.io.RandomAccessFile.openCheck(RandomAccessFile.java:267)
W/System.err( 2374): 	at java.io.RandomAccessFile.length(RandomAccessFile.java:279)
W/System.err( 2374): 	at info.kyorohiro.helloworld.io.VirtualMemory.length(VirtualMemory.java:77)
W/System.err( 2374): 	at info.kyorohiro.helloworld.io.BigLineData.isEOF(BigLineData.java:63)
W/System.err( 2374): 	at info.kyorohiro.helloworld.textviewer.viewer.LookAheadCaching$ReadForwardFileTask.run(LookAheadCaching.java:275)
W/System.err( 2374): 	at java.lang.Thread.run(Thread.java:1096)
W/System.err( 2374): java.io.IOException
W/System.err( 2374): 	at java.io.RandomAccessFile.openCheck(RandomAccessFile.java:267)
W/System.err( 2374): 	at java.io.RandomAccessFile.length(RandomAccessFile.java:279)
W/System.err( 2374): 	at info.kyorohiro.helloworld.io.VirtualMemory.length(VirtualMemory.java:77)
W/System.err( 2374): 	at info.kyorohiro.helloworld.io.BigLineData.isEOF(BigLineData.java:63)
W/System.err( 2374): 	at info.kyorohiro.helloworld.textviewer.viewer.LookAheadCaching$ReadForwardFileTask.run(LookAheadCaching.java:275)
W/System.err( 2374): 	at java.lang.Thread.run(Thread.java:1096)
W/System.err( 2374): java.io.IOException
W/System.err( 2374): 	at java.io.RandomAccessFile.openCheck(RandomAccessFile.java:267)
W/System.err( 2374): 	at java.io.RandomAccessFile.length(RandomAccessFile.java:279)
W/System.err( 2374): 	at info.kyorohiro.helloworld.io.VirtualMemory.length(VirtualMemory.java:77)
W/System.err( 2374): 	at info.kyorohiro.helloworld.io.BigLineData.isEOF(BigLineData.java:63)
W/System.err( 2374): 	at info.kyorohiro.helloworld.textviewer.viewer.LookAheadCaching$ReadForwardFileTask.run(LookAheadCaching.java:275)
W/System.err( 2374): 	at java.lang.Thread.run(Thread.java:1096)
W/System.err( 2374): java.io.IOException
W/System.err( 2374): 	at java.io.RandomAccessFile.openCheck(RandomAccessFile.java:267)
W/System.err( 2374): 	at java.io.RandomAccessFile.length(RandomAccessFile.java:279)
W/System.err( 2374): 	at info.kyorohiro.helloworld.io.VirtualMemory.length(VirtualMemory.java:77)
W/System.err( 2374): 	at info.kyorohiro.helloworld.io.BigLineData.isEOF(BigLineData.java:63)
W/System.err( 2374): 	at info.kyorohiro.helloworld.textviewer.viewer.LookAheadCaching$ReadForwardFileTask.run(LookAheadCaching.java:275)
W/System.err( 2374): 	at java.lang.Thread.run(Thread.java:1096)
E/wpa_supplicant( 1370): CIP:DRIVER RSSI-APPROX
E/WifiStateTracker( 1290): RPL(),rssi=-55
D/WifiStateTracker( 1290): requestPolledInfo, polling 3 times
E/wpa_supplicant( 1370): CIP:DRIVER LINKSPEED
W/System.err( 2374): java.io.IOException
W/System.err( 2374): 	at java.io.RandomAccessFile.openCheck(RandomAccessFile.java:267)
W/System.err( 2374): 	at java.io.RandomAccessFile.length(RandomAccessFile.java:279)
W/System.err( 2374): 	at info.kyorohiro.helloworld.io.VirtualMemory.length(VirtualMemory.java:77)
W/System.err( 2374): 	at info.kyorohiro.helloworld.io.BigLineData.isEOF(BigLineData.java:63)
W/System.err( 2374): 	at info.kyorohiro.helloworld.textviewer.viewer.LookAheadCaching$ReadForwardFileTask.run(LookAheadCaching.java:275)
W/System.err( 2374): 	at java.lang.Thread.run(Thread.java:1096)
W/System.err( 2374): java.io.IOException
W/System.err( 2374): 	at java.io.RandomAccessFile.openCheck(RandomAccessFile.java:267)
W/System.err( 2374): 	at java.io.RandomAccessFile.length(RandomAccessFile.java:279)
W/System.err( 2374): 	at info.kyorohiro.helloworld.io.VirtualMemory.length(VirtualMemory.java:77)
W/System.err( 2374): 	at info.kyorohiro.helloworld.io.BigLineData.isEOF(BigLineData.java:63)
W/System.err( 2374): 	at info.kyorohiro.helloworld.textviewer.viewer.LookAheadCaching$ReadForwardFileTask.run(LookAheadCaching.java:275)
W/System.err( 2374): 	at java.lang.Thread.run(Thread.java:1096)
W/System.err( 2374): java.io.IOException
W/System.err( 2374): 	at java.io.RandomAccessFile.openCheck(RandomAccessFile.java:267)
W/System.err( 2374): 	at java.io.RandomAccessFile.length(RandomAccessFile.java:279)
W/System.err( 2374): 	at info.kyorohiro.helloworld.io.VirtualMemory.length(VirtualMemory.java:77)
W/System.err( 2374): 	at info.kyorohiro.helloworld.io.BigLineData.isEOF(BigLineData.java:63)
W/System.err( 2374): 	at info.kyorohiro.helloworld.textviewer.viewer.LookAheadCaching$ReadForwardFileTask.run(LookAheadCaching.java:275)
W/System.err( 2374): 	at java.lang.Thread.run(Thread.java:1096)
W/System.err( 2374): java.io.IOException
W/System.err( 2374): 	at java.io.RandomAccessFile.openCheck(RandomAccessFile.java:267)
W/System.err( 2374): 	at java.io.RandomAccessFile.length(RandomAccessFile.java:279)
W/System.err( 2374): 	at info.kyorohiro.helloworld.io.VirtualMemory.length(VirtualMemory.java:77)
W/System.err( 2374): 	at info.kyorohiro.helloworld.io.BigLineData.isEOF(BigLineData.java:63)
W/System.err( 2374): 	at info.kyorohiro.helloworld.textviewer.viewer.LookAheadCaching$ReadForwardFileTask.run(LookAheadCaching.java:275)
W/System.err( 2374): 	at java.lang.Thread.run(Thread.java:1096)
W/System.err( 2374): java.io.IOException
W/System.err( 2374): 	at java.io.RandomAccessFile.openCheck(RandomAccessFile.java:267)
W/System.err( 2374): 	at java.io.RandomAccessFile.length(RandomAccessFile.java:279)
W/System.err( 2374): 	at info.kyorohiro.helloworld.io.VirtualMemory.length(VirtualMemory.java:77)
W/System.err( 2374): 	at info.kyorohiro.helloworld.io.BigLineData.isEOF(BigLineData.java:63)
W/System.err( 2374): 	at info.kyorohiro.helloworld.textviewer.viewer.LookAheadCaching$ReadForwardFileTask.run(LookAheadCaching.java:275)
W/System.err( 2374): 	at java.lang.Thread.run(Thread.java:1096)
W/System.err( 2374): java.io.IOException
W/System.err( 2374): 	at java.io.RandomAccessFile.openCheck(RandomAccessFile.java:267)
W/System.err( 2374): 	at java.io.RandomAccessFile.length(RandomAccessFile.java:279)
W/System.err( 2374): 	at info.kyorohiro.helloworld.io.VirtualMemory.length(VirtualMemory.java:77)
W/System.err( 2374): 	at info.kyorohiro.helloworld.io.BigLineData.isEOF(BigLineData.java:63)
W/System.err( 2374): 	at info.kyorohiro.helloworld.textviewer.viewer.LookAheadCaching$ReadForwardFileTask.run(LookAheadCaching.java:275)
W/System.err( 2374): 	at java.lang.Thread.run(Thread.java:1096)
W/System.err( 2374): java.io.IOException
W/System.err( 2374): 	at java.io.RandomAccessFile.openCheck(RandomAccessFile.java:267)
W/System.err( 2374): 	at java.io.RandomAccessFile.length(RandomAccessFile.java:279)
W/System.err( 2374): 	at info.kyorohiro.helloworld.io.VirtualMemory.length(VirtualMemory.java:77)
W/System.err( 2374): 	at info.kyorohiro.helloworld.io.BigLineData.isEOF(BigLineData.java:63)
W/System.err( 2374): 	at info.kyorohiro.helloworld.textviewer.viewer.LookAheadCaching$ReadForwardFileTask.run(LookAheadCaching.java:275)
W/System.err( 2374): 	at java.lang.Thread.run(Thread.java:1096)
W/System.err( 2374): java.io.IOException
W/System.err( 2374): 	at java.io.RandomAccessFile.openCheck(RandomAccessFile.java:267)
W/System.err( 2374): 	at java.io.RandomAccessFile.length(RandomAccessFile.java:279)
W/System.err( 2374): 	at info.kyorohiro.helloworld.io.VirtualMemory.length(VirtualMemory.java:77)
W/System.err( 2374): 	at info.kyorohiro.helloworld.io.BigLineData.isEOF(BigLineData.java:63)
